// Jest Snapshot v1, https://goo.gl/fbAQLP

exports[`ExploreApplications should display available applications 1`] = `"<section class=\\"pf-c-page__main-section pf-m-light odh-apps__heading\\"><div class=\\"pf-c-content odh-apps__heading__text\\"><h1 data-pf-content=\\"true\\" class=\\"\\">Explore</h1><p data-pf-content=\\"true\\" class=\\"\\">Add optional applications to your Open Data Hub instance.</p></div></section><div class=\\"pf-c-drawer pf-m-inline\\"><div class=\\"pf-c-drawer__main\\"><div class=\\"pf-c-drawer__content\\"><div class=\\"pf-c-drawer__body odh-explore-apps__body\\"><div class=\\"odh-dashboard__page-content\\"><section class=\\"pf-c-page__main-section\\"><div class=\\"pf-l-gallery pf-m-gutter odh-explore-apps__gallery\\"><article id=\\"jupyterhub\\" class=\\"pf-c-card pf-m-hoverable pf-m-selectable odh-card\\" tabindex=\\"0\\" data-ouia-component-type=\\"PF4/Card\\" data-ouia-safe=\\"true\\" data-ouia-component-id=\\"OUIA-Generated-Card-1\\"><div class=\\"pf-c-card__header\\"><img class=\\"pf-c-brand odh-card__header-brand odh-card__header-brand\\" src=\\"images/jupyterhub.svg\\" alt=\\"JupyterHub\\"></div><div class=\\"pf-c-card__title\\"><span class=\\"odh-card__title-supported\\">JupyterHub</span><div><span class=\\"odh-card__provider\\">by Jupyter</span></div></div><div class=\\"pf-c-card__body\\">A multi-user version of the notebook designed for companies, classrooms and research labs.</div></article><article id=\\"test-app\\" class=\\"pf-c-card pf-m-hoverable pf-m-selectable odh-card\\" tabindex=\\"0\\" data-ouia-component-type=\\"PF4/Card\\" data-ouia-safe=\\"true\\" data-ouia-component-id=\\"OUIA-Generated-Card-2\\"><div class=\\"pf-c-card__header\\"><img class=\\"pf-c-brand odh-card__header-brand odh-card__header-brand\\" src=\\"images/jupyterhub.svg\\" alt=\\"Test App\\"></div><div class=\\"pf-c-card__title\\"><span class=\\"odh-card__title-supported\\">Test App</span><div><span class=\\"odh-card__provider\\">by Test</span></div></div><div class=\\"pf-c-card__body\\">Some description</div></article></div></section></div></div></div></div></div>"`;

exports[`ExploreApplications should show the enable modal when clicked 1`] = `"<div id=\\"pf-modal-part-0\\" data-ouia-component-type=\\"PF4/ModalContent\\" data-ouia-safe=\\"true\\" data-ouia-component-id=\\"OUIA-Generated-Modal-small-1\\" role=\\"dialog\\" aria-label=\\"Enable Test Enable\\" aria-labelledby=\\"pf-modal-part-0 pf-modal-part-1\\" aria-describedby=\\"pf-modal-part-2\\" aria-modal=\\"true\\" class=\\"pf-c-modal-box odh-enable-modal pf-m-sm\\"><button aria-disabled=\\"false\\" aria-label=\\"Close\\" class=\\"pf-c-button pf-m-plain\\" type=\\"button\\" data-ouia-component-type=\\"PF4/Button\\" data-ouia-safe=\\"true\\" data-ouia-component-id=\\"OUIA-Generated-Button-plain-3\\"><svg style=\\"vertical-align: -0.125em;\\" fill=\\"currentColor\\" height=\\"1em\\" width=\\"1em\\" viewBox=\\"0 0 352 512\\" aria-hidden=\\"true\\" role=\\"img\\"><path d=\\"M242.72 256l100.07-100.07c12.28-12.28 12.28-32.19 0-44.48l-22.24-22.24c-12.28-12.28-32.19-12.28-44.48 0L176 189.28 75.93 89.21c-12.28-12.28-32.19-12.28-44.48 0L9.21 111.45c-12.28 12.28-12.28 32.19 0 44.48L109.28 256 9.21 356.07c-12.28 12.28-12.28 32.19 0 44.48l22.24 22.24c12.28 12.28 32.2 12.28 44.48 0L176 322.72l100.07 100.07c12.28 12.28 32.2 12.28 44.48 0l22.24-22.24c12.28-12.28 12.28-32.19 0-44.48L242.72 256z\\"></path></svg></button><header class=\\"pf-c-modal-box__header\\"><h1 id=\\"pf-modal-part-1\\" class=\\"pf-c-modal-box__title\\"><span class=\\"pf-c-modal-box__title-text\\">Test Enable</span></h1></header><div id=\\"pf-modal-part-2\\" class=\\"pf-c-modal-box__body\\"><form novalidate=\\"\\" class=\\"pf-c-form\\"><div class=\\"pf-c-form__group\\"><div class=\\"pf-c-form__group-label\\"><label class=\\"pf-c-form__label\\" for=\\"Enter a Key\\"><span class=\\"pf-c-form__label-text\\">Enter a Key</span></label> </div><div class=\\"pf-c-form__group-control\\"><input id=\\"Enter a Key\\" class=\\"pf-c-form-control odh-enable-modal__variable-input\\" type=\\"password\\" aria-invalid=\\"false\\" value=\\"\\"><button aria-disabled=\\"false\\" class=\\"pf-c-button pf-m-link odh-enable-modal__toggle-password-vis\\" type=\\"button\\" data-ouia-component-type=\\"PF4/Button\\" data-ouia-safe=\\"true\\" data-ouia-component-id=\\"OUIA-Generated-Button-link-1\\"><svg style=\\"vertical-align: -0.125em;\\" fill=\\"currentColor\\" height=\\"1em\\" width=\\"1em\\" viewBox=\\"0 0 576 512\\" aria-hidden=\\"true\\" role=\\"img\\"><path d=\\"M572.52 241.4C518.29 135.59 410.93 64 288 64S57.68 135.64 3.48 241.41a32.35 32.35 0 0 0 0 29.19C57.71 376.41 165.07 448 288 448s230.32-71.64 284.52-177.41a32.35 32.35 0 0 0 0-29.19zM288 400a144 144 0 1 1 144-144 143.93 143.93 0 0 1-144 144zm0-240a95.31 95.31 0 0 0-25.31 3.79 47.85 47.85 0 0 1-66.9 66.9A95.78 95.78 0 1 0 288 160z\\"></path></svg></button><div class=\\"pf-c-form__helper-text\\" id=\\"Enter a Key-helper\\" aria-live=\\"polite\\">This key is enables the app</div></div></div></form></div><footer class=\\"pf-c-modal-box__footer\\"><button aria-disabled=\\"false\\" class=\\"pf-c-button pf-m-primary\\" type=\\"button\\" data-ouia-component-type=\\"PF4/Button\\" data-ouia-safe=\\"true\\" data-ouia-component-id=\\"OUIA-Generated-Button-primary-1\\">Enable</button><button aria-disabled=\\"false\\" class=\\"pf-c-button pf-m-link\\" type=\\"button\\" data-ouia-component-type=\\"PF4/Button\\" data-ouia-safe=\\"true\\" data-ouia-component-id=\\"OUIA-Generated-Button-link-2\\">Cancel</button></footer></div>"`;

exports[`ExploreApplications should show the getting started panel on card click 1`] = `
"<section class=\\"pf-c-page__main-section pf-m-light odh-apps__heading\\"><div class=\\"pf-c-content odh-apps__heading__text\\"><h1 data-pf-content=\\"true\\" class=\\"\\">Explore</h1><p data-pf-content=\\"true\\" class=\\"\\">Add optional applications to your Open Data Hub instance.</p></div></section><div class=\\"pf-c-drawer pf-m-expanded pf-m-inline\\"><div class=\\"pf-c-drawer__main\\"><div class=\\"pf-c-drawer__content\\"><div class=\\"pf-c-drawer__body odh-explore-apps__body m-side-panel-open\\"><div class=\\"odh-dashboard__page-content\\"><section class=\\"pf-c-page__main-section\\"><div class=\\"pf-l-gallery pf-m-gutter odh-explore-apps__gallery\\"><article id=\\"jupyterhub\\" class=\\"pf-c-card pf-m-hoverable pf-m-selectable odh-card\\" tabindex=\\"0\\" data-ouia-component-type=\\"PF4/Card\\" data-ouia-safe=\\"true\\" data-ouia-component-id=\\"OUIA-Generated-Card-3\\"><div class=\\"pf-c-card__header\\"><img class=\\"pf-c-brand odh-card__header-brand odh-card__header-brand\\" src=\\"images/jupyterhub.svg\\" alt=\\"JupyterHub\\"></div><div class=\\"pf-c-card__title\\"><span class=\\"odh-card__title-supported\\">JupyterHub</span><div><span class=\\"odh-card__provider\\">by Jupyter</span></div></div><div class=\\"pf-c-card__body\\">A multi-user version of the notebook designed for companies, classrooms and research labs.</div></article><article id=\\"test-app\\" class=\\"pf-c-card pf-m-hoverable pf-m-selectable odh-card\\" tabindex=\\"0\\" data-ouia-component-type=\\"PF4/Card\\" data-ouia-safe=\\"true\\" data-ouia-component-id=\\"OUIA-Generated-Card-4\\"><div class=\\"pf-c-card__header\\"><img class=\\"pf-c-brand odh-card__header-brand odh-card__header-brand\\" src=\\"images/jupyterhub.svg\\" alt=\\"Test App\\"></div><div class=\\"pf-c-card__title\\"><span class=\\"odh-card__title-supported\\">Test App</span><div><span class=\\"odh-card__provider\\">by Test</span></div></div><div class=\\"pf-c-card__body\\">Some description</div></article></div></section></div></div></div><div class=\\"pf-c-drawer__panel pf-m-resizable odh-get-started\\" style=\\"--pf-c-drawer__panel--md--FlexBasis--min: 350px;\\"><div class=\\"pf-c-drawer__splitter pf-m-vertical\\" role=\\"separator\\" tabindex=\\"0\\" aria-orientation=\\"vertical\\" aria-label=\\"Resize\\" aria-describedby=\\"Press space to begin resizing, and use the arrow keys to grow or shrink the panel. Press enter or escape to finish resizing.\\"><div class=\\"pf-c-drawer__splitter-handle\\" aria-hidden=\\"true\\"></div></div><div class=\\"pf-c-drawer__panel-main\\"><div class=\\"pf-c-drawer__body\\"><div class=\\"pf-c-drawer__head\\"><div class=\\"odh-get-started__header\\"><h1 class=\\"pf-c-title pf-m-xl\\">JupyterHub</h1><div><span class=\\"odh-get-started__header__provider\\">by Jupyter</span></div></div><div class=\\"pf-c-drawer__actions\\"><div class=\\"pf-c-drawer__close\\"><button aria-disabled=\\"false\\" aria-label=\\"Close drawer panel\\" class=\\"pf-c-button pf-m-plain\\" type=\\"button\\" data-ouia-component-type=\\"PF4/Button\\" data-ouia-safe=\\"true\\" data-ouia-component-id=\\"OUIA-Generated-Button-plain-1\\"><svg style=\\"vertical-align: -0.125em;\\" fill=\\"currentColor\\" height=\\"1em\\" width=\\"1em\\" viewBox=\\"0 0 352 512\\" aria-hidden=\\"true\\" role=\\"img\\"><path d=\\"M242.72 256l100.07-100.07c12.28-12.28 12.28-32.19 0-44.48l-22.24-22.24c-12.28-12.28-32.19-12.28-44.48 0L176 189.28 75.93 89.21c-12.28-12.28-32.19-12.28-44.48 0L9.21 111.45c-12.28 12.28-12.28 32.19 0 44.48L109.28 256 9.21 356.07c-12.28 12.28-12.28 32.19 0 44.48l22.24 22.24c12.28 12.28 32.2 12.28 44.48 0L176 322.72l100.07 100.07c12.28 12.28 32.2 12.28 44.48 0l22.24-22.24c12.28-12.28 12.28-32.19 0-44.48L242.72 256z\\"></path></svg></button></div></div></div></div><div class=\\"pf-c-drawer__body odh-get-started__button-panel\\"><a class=\\"pf-c-button pf-m-primary\\" href=\\"https://jupyterhub.readthedocs.io/en/stable/getting-started/index.html\\" target=\\"_blank\\" rel=\\"noopener noreferrer\\"><span class=\\"odh-get-started__get-started-text\\">Get started</span><svg style=\\"vertical-align: -0.125em;\\" fill=\\"currentColor\\" height=\\"1em\\" width=\\"1em\\" viewBox=\\"0 0 512 512\\" aria-hidden=\\"true\\" role=\\"img\\"><path d=\\"M432,320H400a16,16,0,0,0-16,16V448H64V128H208a16,16,0,0,0,16-16V80a16,16,0,0,0-16-16H48A48,48,0,0,0,0,112V464a48,48,0,0,0,48,48H400a48,48,0,0,0,48-48V336A16,16,0,0,0,432,320ZM488,0h-128c-21.37,0-32.05,25.91-17,41l35.73,35.73L135,320.37a24,24,0,0,0,0,34L157.67,377a24,24,0,0,0,34,0L435.28,133.32,471,169c15,15,41,4.5,41-17V24A24,24,0,0,0,488,0Z\\"></path></svg></a></div><div class=\\"pf-c-drawer__body odh-get-started__body\\"><div class=\\"odh-markdown-view\\"><h1>Quickstart</h1>
<h2>Prerequisites</h2>
<p>Before installing JupyterHub, you will need:</p>
<ul>
<li><p>a Linux/Unix based system</p></li>
<li><p><a target=\\"_blank\\" rel=\\"noopener noreferrer\\" href=\\"https://www.python.org/downloads/\\">Python</a> 3.5 or greater</p>
<p>An understanding
of using <a target=\\"_blank\\" rel=\\"noopener noreferrer\\" href=\\"https://pip.pypa.io/en/stable/\\"><code>pip</code></a> or
<a target=\\"_blank\\" rel=\\"noopener noreferrer\\" href=\\"https://conda.io/docs/get-started.html\\"><code>conda</code></a> for
installing Python packages is helpful.</p></li>
<li><p><a target=\\"_blank\\" rel=\\"noopener noreferrer\\" href=\\"https://www.npmjs.com/\\">nodejs/npm</a></p>
<p><a target=\\"_blank\\" rel=\\"noopener noreferrer\\" href=\\"https://docs.npmjs.com/getting-started/installing-node\\">Install nodejs/npm</a>,
using your operating system's package manager.</p></li>
<li><p>If you are using <strong><code>conda</code></strong>, the nodejs and npm dependencies will be installed for
you by conda.</p></li>
<li><p>If you are using <strong><code>pip</code></strong>, install a recent version of
<a target=\\"_blank\\" rel=\\"noopener noreferrer\\" href=\\"https://docs.npmjs.com/getting-started/installing-node\\">nodejs/npm</a>.
For example, install it on Linux (Debian/Ubuntu) using:</p>
<pre><code>sudo apt-get install npm nodejs-legacy
</code></pre>
<p>The <code>nodejs-legacy</code> package installs the <code>node</code> executable and is currently
required for npm to work on Debian/Ubuntu.</p></li>
<li><p>A <a target=\\"_blank\\" rel=\\"noopener noreferrer\\" href=\\"https://en.wikipedia.org/wiki/Pluggable_authentication_module\\">pluggable authentication module (PAM)</a>
to use the <a target=\\"_blank\\" rel=\\"noopener noreferrer\\" href=\\"./getting-started/authenticators-users-basics.md\\">default Authenticator</a></p>
<p>PAM is often available by default on most distributions, if this is not the case it can be installed by
using the operating system's package manager.</p></li>
<li><p>TLS certificate and key for HTTPS communication</p></li>
<li><p>Domain name</p></li>
</ul>
<p>Before running the single-user notebook servers (which may be on the same
system as the Hub or not), you will need:</p>
<ul>
<li><a target=\\"_blank\\" rel=\\"noopener noreferrer\\" href=\\"https://jupyter.readthedocs.io/en/latest/install.html\\">Jupyter Notebook</a>
version 4 or greater</li>
</ul>
<h2>Installation</h2>
<p>JupyterHub can be installed with <code>pip</code> (and the proxy with <code>npm</code>) or <code>conda</code>:</p>
<p><strong>pip, npm:</strong></p>
<pre><code class=\\"bash language-bash\\">python3 -m pip install jupyterhub
npm install -g configurable-http-proxy
python3 -m pip install notebook  # needed if running the notebook servers locally
</code></pre>
<p><strong>conda</strong> (one command installs jupyterhub and proxy):</p>
<pre><code class=\\"bash language-bash\\">conda install -c conda-forge jupyterhub  # installs jupyterhub and proxy
conda install notebook  # needed if running the notebook servers locally
</code></pre>
<p>Test your installation. If installed, these commands should return the packages'
help contents:</p>
<pre><code class=\\"bash language-bash\\">jupyterhub -h
configurable-http-proxy -h
</code></pre>
<h2>Start the Hub server</h2>
<p>To start the Hub server, run the command:</p>
<pre><code class=\\"bash language-bash\\">jupyterhub
</code></pre>
<p>Visit <code>https://localhost:8000</code> in your browser, and sign in with your unix
credentials.</p>
<p>To <strong>allow multiple users to sign in</strong> to the Hub server, you must start
<code>jupyterhub</code> as a <em>privileged user</em>, such as root:</p>
<pre><code class=\\"bash language-bash\\">sudo jupyterhub
</code></pre>
<p>The <a target=\\"_blank\\" rel=\\"noopener noreferrer\\" href=\\"https://github.com/jupyterhub/jupyterhub/wiki/Using-sudo-to-run-JupyterHub-without-root-privileges\\">wiki</a>
describes how to run the server as a <em>less privileged user</em>. This requires
additional configuration of the system.</p></div></div></div></div></div></div>"
`;
