// Jest Snapshot v1, https://goo.gl/fbAQLP

exports[`App tests should render default App component 1`] = `
<DocumentFragment>
  <div
    class="pf-v6-c-page"
  >
    <div
      class="pf-v6-c-skip-to-content"
    >
      <a
        aria-disabled="false"
        class="pf-v6-c-button pf-m-primary"
        data-ouia-component-id="OUIA-Generated-Button-primary-1"
        data-ouia-component-type="PF6/Button"
        data-ouia-safe="true"
        href="#primary-app-container"
      >
        Skip to Content
      </a>
    </div>
    <header
      class="pf-v6-c-masthead pf-m-display-inline-on-md"
    >
      <span
        class="pf-v6-c-masthead__toggle"
      >
        <button
          aria-disabled="false"
          aria-label="Global navigation"
          class="pf-v6-c-button pf-m-plain"
          data-ouia-component-id="OUIA-Generated-Button-plain-1"
          data-ouia-component-type="PF6/Button"
          data-ouia-safe="true"
          type="button"
        >
          <svg
            aria-hidden="true"
            class="pf-v6-svg"
            fill="currentColor"
            height="1em"
            role="img"
            viewBox="0 0 448 512"
            width="1em"
          >
            <path
              d="M16 132h416c8.837 0 16-7.163 16-16V76c0-8.837-7.163-16-16-16H16C7.163 60 0 67.163 0 76v40c0 8.837 7.163 16 16 16zm0 160h416c8.837 0 16-7.163 16-16v-40c0-8.837-7.163-16-16-16H16c-8.837 0-16 7.163-16 16v40c0 8.837 7.163 16 16 16zm0 160h416c8.837 0 16-7.163 16-16v-40c0-8.837-7.163-16-16-16H16c-8.837 0-16 7.163-16 16v40c0 8.837 7.163 16 16 16z"
            />
          </svg>
        </button>
      </span>
      <div
        class="pf-v6-c-masthead__content"
      >
        <div
          class="pf-v6-l-flex"
        >
          <h2
            class="pf-v6-c-title pf-m-3xl"
            data-ouia-component-id="OUIA-Generated-Title-1"
            data-ouia-component-type="PF6/Title"
            data-ouia-safe="true"
          >
            Kubeflow Workspaces
          </h2>
        </div>
      </div>
    </header>
    <div
      aria-hidden="false"
      class="pf-v6-c-page__sidebar pf-m-expanded"
      id="page-sidebar"
    >
      <div
        class="pf-v6-c-page__sidebar-body"
      >
        <nav
          aria-label="Global"
          class="pf-v6-c-nav"
          data-ouia-component-id="OUIA-Generated-Nav-1"
          data-ouia-component-type="PF6/Nav"
          data-ouia-safe="true"
          id="nav-primary-simple"
        >
          <ul
            class="pf-v6-c-nav__list"
            id="nav-list-simple"
            role="list"
          >
            <li
              class="pf-v6-c-nav__item"
              data-ouia-component-id="OUIA-Generated-NavItem-1"
              data-ouia-component-type="PF6/NavItem"
              data-ouia-safe="true"
            >
              <a
                aria-current="page"
                class="pf-v6-c-nav__link pf-m-current active"
                href="/"
              >
                Dashboard
              </a>
            </li>
            <li
              class="pf-v6-c-nav__item"
              data-ouia-component-id="OUIA-Generated-NavItem-2"
              data-ouia-component-type="PF6/NavItem"
              data-ouia-safe="true"
            >
              <a
                class="pf-v6-c-nav__link"
                href="/support"
              >
                Support
              </a>
            </li>
          </ul>
        </nav>
      </div>
    </div>
    <div
      class="pf-v6-c-page__main-container"
    >
      <main
        class="pf-v6-c-page__main"
        id="primary-app-container"
        tabindex="-1"
      >
        <section
          class="pf-v6-c-page__main-section"
        >
          <div
            class="pf-v6-c-empty-state"
          >
            <div
              class="pf-v6-c-empty-state__content"
            >
              <div
                class="pf-v6-c-empty-state__header"
              >
                <div
                  class="pf-v6-c-empty-state__icon"
                >
                  <svg
                    aria-hidden="true"
                    class="pf-v6-svg"
                    fill="currentColor"
                    height="1em"
                    role="img"
                    viewBox="0 0 512 512"
                    width="1em"
                  >
                    <path
                      d="M488.6 250.2L392 214V105.5c0-15-9.3-28.4-23.4-33.7l-100-37.5c-8.1-3.1-17.1-3.1-25.3 0l-100 37.5c-14.1 5.3-23.4 18.7-23.4 33.7V214l-96.6 36.2C9.3 255.5 0 268.9 0 283.9V394c0 13.6 7.7 26.1 19.9 32.2l100 50c10.1 5.1 22.1 5.1 32.2 0l103.9-52 103.9 52c10.1 5.1 22.1 5.1 32.2 0l100-50c12.2-6.1 19.9-18.6 19.9-32.2V283.9c0-15-9.3-28.4-23.4-33.7zM358 214.8l-85 31.9v-68.2l85-37v73.3zM154 104.1l102-38.2 102 38.2v.6l-102 41.4-102-41.4v-.6zm84 291.1l-85 42.5v-79.1l85-38.8v75.4zm0-112l-102 41.4-102-41.4v-.6l102-38.2 102 38.2v.6zm240 112l-85 42.5v-79.1l85-38.8v75.4zm0-112l-102 41.4-102-41.4v-.6l102-38.2 102 38.2v.6z"
                    />
                  </svg>
                </div>
                <div
                  class="pf-v6-c-empty-state__title"
                >
                  <h1
                    class="pf-v6-c-empty-state__title-text"
                  >
                    Empty State (Dashboard Module)
                  </h1>
                </div>
              </div>
              <div
                class="pf-v6-c-empty-state__body"
              >
                <div
                  class="pf-v6-c-content"
                >
                  <p
                    class="pf-v6-c-content--p"
                    data-ouia-component-id="OUIA-Generated-Text-1"
                    data-ouia-component-type="PF6/Text"
                    data-ouia-safe="true"
                    data-pf-content="true"
                  >
                    This represents an the empty state pattern in Patternfly 6. Hopefully it's simple enough to use but flexible enough to meet a variety of needs.
                  </p>
                </div>
              </div>
              <div
                class="pf-v6-c-empty-state__footer"
              >
                <button
                  aria-disabled="false"
                  class="pf-v6-c-button pf-m-primary"
                  data-ouia-component-id="OUIA-Generated-Button-primary-2"
                  data-ouia-component-type="PF6/Button"
                  data-ouia-safe="true"
                  type="button"
                >
                  Primary Action
                </button>
              </div>
            </div>
          </div>
        </section>
      </main>
    </div>
  </div>
</DocumentFragment>
`;
